// Jest Snapshot v1, https://goo.gl/fbAQLP

exports[`Component: App should match its empty snapshot 1`] = `
<div
  className="carousel carousel slide"
  onMouseOut={[Function]}
  onMouseOver={[Function]}
>
  <ol
    className="carousel-indicators"
  >
    <li
      className="active"
      onClick={[Function]}
    />
     
    <li
      className={null}
      onClick={[Function]}
    />
     
    <li
      className={null}
      onClick={[Function]}
    />
     
  </ol>
  <div
    className="carousel-inner"
  >
    <div
      className="item active"
    >
      <img
        alt="2000x2000"
        height={2000}
        src="https://www.readersintheknow.com/bundles/ritkhome/images/party.jpg"
        width={2000}
      />
      <div
        className="carousel-caption"
      />
    </div>
    <div
      className="item"
    >
      <img
        alt="2000x2000"
        height={2000}
        src="http://media.gettyimages.com/photos/nothing-beats-live-music-picture-id502088147?s=612x612"
        width={2000}
      />
      <div
        className="carousel-caption"
      />
    </div>
    <div
      className="item"
    >
      <img
        alt="300x1000"
        height={0}
        src="http://www.essentialibiza.com/assets/img/ibiza-boat-party-tickets-images/oceanbeat-ibiza-boat-party-show-with-after-party-in-bora-bora-ibiza-1.jpg"
        width={1500}
      />
      <div
        className="carousel-caption"
      />
    </div>
  </div>
  <a
    className="carousel-control left"
    href="#"
    onClick={[Function]}
    role="button"
  >
    <span
      className="glyphicon glyphicon-chevron-left"
    />
    <span
      className="sr-only"
    >
      Previous
    </span>
  </a>
  <a
    className="carousel-control right"
    href="#"
    onClick={[Function]}
    role="button"
  >
    <span
      className="glyphicon glyphicon-chevron-right"
    />
    <span
      className="sr-only"
    >
      Next
    </span>
  </a>
</div>
`;
