// Jest Snapshot v1, https://goo.gl/fbAQLP

exports[`Component: App should match its empty snapshot 1`] = `
<div
  className="signupPage"
>
  <form
    method="POST"
    onSubmit={[Function]}
  >
    <div
      className="login-text"
    >
      Sign Up
    </div>
    <div
      className="loginpg-text"
    >
      Username: 
      <br />
      <input
        type="text"
      />
    </div>
    <div
      className="loginpg-text"
    >
      Password: 
      <br />
      <input
        type="text"
      />
    </div>
    <div
      className="login-button"
    >
      <input
        className="log-button"
        type="submit"
        value="Signup!"
      />
    </div>
  </form>
  <div
    className="links"
  >
    <a
      onClick={[Function]}
      style={Object {}}
    >
      Click here if you have an account!
    </a>
    <br />
    <a
      onClick={[Function]}
      style={Object {}}
    >
      Back to homepage
    </a>
  </div>
</div>
`;
